<?xml version="1.0"?>
<div>
  <?php $countries = [
        'be' => 'Belgium',
        'fr' => 'France',
        'nl' => 'The Netherlands',
    ];
?>
  <?php $__env->startComponent(
           'components/select-field',
           array_merge(app(Spatie\BladeX\ContextStack::class)->read(),
                array_merge(
                    app(Spatie\BladeX\ContextStack::class)->read(),
                    ['name' => 'countries','options' => $countries,'selected' => 'fr'],
                    app()->make(
                        'bladex.viewModel.0',
                        array_merge(
                            app(Spatie\BladeX\ContextStack::class)->read(),
                            ['name' => 'countries','options' => $countries,'selected' => 'fr']
                        )
                    )->toArray()
                ))); ?>
  <?php echo $__env->renderComponent(); ?>
</div>
